Statement for BigCoIII
 Henry VI: $570.00 (62 seats)
 As You Like It 2: $462.00 (58 seats)
Amount owed is $1,032.00
You earned 60 credits
